[0.012s] Invoking command in '/home/zhouyi/build_lmpc/linear_mpc_controller': CMAKE_PREFIX_PATH=${CMAKE_PREFIX_PATH}:/opt/ros/jazzy /usr/bin/cmake --build /home/zhouyi/build_lmpc/linear_mpc_controller -- -j20 -l20
[0.251s] -- Override CMake install command with custom implementation using symlinks instead of copying resources
[0.262s] -- Found rclcpp: 28.1.18 (/opt/ros/jazzy/share/rclcpp/cmake)
[0.638s] -- Found rosidl_generator_c: 4.6.7 (/opt/ros/jazzy/share/rosidl_generator_c/cmake)
[0.647s] -- Found rosidl_generator_cpp: 4.6.7 (/opt/ros/jazzy/share/rosidl_generator_cpp/cmake)
[0.660s] -- Using all available rosidl_typesupport_c: rosidl_typesupport_fastrtps_c;rosidl_typesupport_introspection_c
[0.676s] -- Using all available rosidl_typesupport_cpp: rosidl_typesupport_fastrtps_cpp;rosidl_typesupport_introspection_cpp
[0.748s] -- Found rmw_implementation_cmake: 7.3.3 (/opt/ros/jazzy/share/rmw_implementation_cmake/cmake)
[0.751s] -- Found rmw_fastrtps_cpp: 8.4.3 (/opt/ros/jazzy/share/rmw_fastrtps_cpp/cmake)
[1.266s] -- Using RMW implementation 'rmw_fastrtps_cpp' as default
[1.675s] -- Found rclcpp_lifecycle: 28.1.18 (/opt/ros/jazzy/share/rclcpp_lifecycle/cmake)
[1.708s] -- Found std_msgs: 5.3.7 (/opt/ros/jazzy/share/std_msgs/cmake)
[1.725s] -- Found nav_msgs: 5.3.7 (/opt/ros/jazzy/share/nav_msgs/cmake)
[1.867s] -- Configuring done (1.8s)
[1.907s] -- Generating done (0.0s)
[1.914s] -- Build files have been written to: /home/zhouyi/build_lmpc/linear_mpc_controller
[1.959s] [ 16%] Built target velocity_arbiter_node
[1.961s] [ 58%] Built target linear_mpc_core
[1.982s] [ 75%] Built target test_linear_mpc_core
[1.990s] [100%] Built target linear_mpc_node
[2.000s] Invoked command in '/home/zhouyi/build_lmpc/linear_mpc_controller' returned '0': CMAKE_PREFIX_PATH=${CMAKE_PREFIX_PATH}:/opt/ros/jazzy /usr/bin/cmake --build /home/zhouyi/build_lmpc/linear_mpc_controller -- -j20 -l20
[2.010s] Invoking command in '/home/zhouyi/build_lmpc/linear_mpc_controller': CMAKE_PREFIX_PATH=${CMAKE_PREFIX_PATH}:/opt/ros/jazzy /usr/bin/cmake --install /home/zhouyi/build_lmpc/linear_mpc_controller
[2.016s] -- Install configuration: ""
[2.016s] -- Execute custom install script
[2.017s] -- Up-to-date symlink: /home/zhouyi/install_lmpc/linear_mpc_controller/lib/linear_mpc_controller/linear_mpc_node
[2.017s] -- Up-to-date symlink: /home/zhouyi/install_lmpc/linear_mpc_controller/lib/linear_mpc_controller/velocity_arbiter_node
[2.017s] -- Symlinking: /home/zhouyi/install_lmpc/linear_mpc_controller/lib/linear_mpc_controller/trajectory_server.py
[2.026s] -- Symlinking: /home/zhouyi/install_lmpc/linear_mpc_controller/share/linear_mpc_controller/launch/__pycache__/linear_mpc_sim.launch.cpython-312.pyc
[2.034s] -- Up-to-date symlink: /home/zhouyi/install_lmpc/linear_mpc_controller/share/linear_mpc_controller/launch/linear_mpc_sim.launch.py
[2.034s] -- Symlinking: /home/zhouyi/install_lmpc/linear_mpc_controller/share/linear_mpc_controller/launch/tracking_sim.launch.py
[2.043s] -- Up-to-date symlink: /home/zhouyi/install_lmpc/linear_mpc_controller/share/linear_mpc_controller/config/linear_mpc_params.yaml
[2.044s] -- Up-to-date symlink: /home/zhouyi/install_lmpc/linear_mpc_controller/share/linear_mpc_controller/config/velocity_arbiter.yaml
[2.044s] -- Up-to-date symlink: /home/zhouyi/install_lmpc/linear_mpc_controller/share/linear_mpc_controller/worlds/tracking_empty.sdf
[2.045s] -- Up-to-date symlink: /home/zhouyi/install_lmpc/linear_mpc_controller/share/linear_mpc_controller/maps/README.md
[2.045s] -- Up-to-date symlink: /home/zhouyi/install_lmpc/linear_mpc_controller/share/ament_index/resource_index/package_run_dependencies/linear_mpc_controller
[2.045s] -- Up-to-date symlink: /home/zhouyi/install_lmpc/linear_mpc_controller/share/ament_index/resource_index/parent_prefix_path/linear_mpc_controller
[2.045s] -- Up-to-date symlink: /home/zhouyi/install_lmpc/linear_mpc_controller/share/linear_mpc_controller/environment/ament_prefix_path.sh
[2.045s] -- Up-to-date symlink: /home/zhouyi/install_lmpc/linear_mpc_controller/share/linear_mpc_controller/environment/ament_prefix_path.dsv
[2.045s] -- Up-to-date symlink: /home/zhouyi/install_lmpc/linear_mpc_controller/share/linear_mpc_controller/environment/path.sh
[2.046s] -- Up-to-date symlink: /home/zhouyi/install_lmpc/linear_mpc_controller/share/linear_mpc_controller/environment/path.dsv
[2.046s] -- Up-to-date symlink: /home/zhouyi/install_lmpc/linear_mpc_controller/share/linear_mpc_controller/local_setup.bash
[2.046s] -- Up-to-date symlink: /home/zhouyi/install_lmpc/linear_mpc_controller/share/linear_mpc_controller/local_setup.sh
[2.046s] -- Up-to-date symlink: /home/zhouyi/install_lmpc/linear_mpc_controller/share/linear_mpc_controller/local_setup.zsh
[2.047s] -- Up-to-date symlink: /home/zhouyi/install_lmpc/linear_mpc_controller/share/linear_mpc_controller/local_setup.dsv
[2.047s] -- Symlinking: /home/zhouyi/install_lmpc/linear_mpc_controller/share/linear_mpc_controller/package.dsv
[2.054s] -- Up-to-date symlink: /home/zhouyi/install_lmpc/linear_mpc_controller/share/ament_index/resource_index/packages/linear_mpc_controller
[2.055s] -- Up-to-date symlink: /home/zhouyi/install_lmpc/linear_mpc_controller/share/linear_mpc_controller/cmake/linear_mpc_controllerConfig.cmake
[2.055s] -- Up-to-date symlink: /home/zhouyi/install_lmpc/linear_mpc_controller/share/linear_mpc_controller/cmake/linear_mpc_controllerConfig-version.cmake
[2.055s] -- Up-to-date symlink: /home/zhouyi/install_lmpc/linear_mpc_controller/share/linear_mpc_controller/package.xml
[2.056s] Invoked command in '/home/zhouyi/build_lmpc/linear_mpc_controller' returned '0': CMAKE_PREFIX_PATH=${CMAKE_PREFIX_PATH}:/opt/ros/jazzy /usr/bin/cmake --install /home/zhouyi/build_lmpc/linear_mpc_controller
