A8.0 alignment: {
 "cell": "cap_real|A8.0-alignment",
 "geometry": "cap_real",
 "v_min": 0.0,
 "controller_projection_mode": "stateful_windowed",
 "audit_mode": "accepted",
 "done_reason": "STALL",
 "raw_arc_final": 0.631,
 "accepted_arc_final": 0.631,
 "progress_ratio": 0.009,
 "skipped_arc_ratio": 0.0,
 "max_arc_jump": 0.021,
 "projection_jump_count": 0,
 "projection_reacquire_count": 0,
 "e_y_rms": 0.0054,
 "qp_failures": 157,
 "v_end": 0.0,
 "steps": 201,
 "path_length_m": 69.95
}
=== cell cap|v_min=0.0|stateful_windowed ===
{
 "cell": "cap|v_min=0.0|stateful_windowed",
 "geometry": "cap",
 "v_min": 0.0,
 "controller_projection_mode": "stateful_windowed",
 "audit_mode": "accepted",
 "done_reason": "COMPLETED",
 "raw_arc_final": 32.209,
 "accepted_arc_final": 32.209,
 "progress_ratio": 0.9958,
 "skipped_arc_ratio": 0.0,
 "max_arc_jump": 0.033,
 "projection_jump_count": 0,
 "projection_reacquire_count": 0,
 "e_y_rms": 0.0199,
 "qp_failures": 0,
 "v_end": 0.313,
 "steps": 1440,
 "path_length_m": 32.344
}
=== cell cap|v_min=0.0|global_legacy ===
{
 "cell": "cap|v_min=0.0|global_legacy",
 "geometry": "cap",
 "v_min": 0.0,
 "controller_projection_mode": "global_legacy",
 "audit_mode": "accepted",
 "done_reason": "COMPLETED",
 "raw_arc_final": 32.209,
 "accepted_arc_final": 32.209,
 "progress_ratio": 0.9958,
 "skipped_arc_ratio": 0.0,
 "max_arc_jump": 0.033,
 "projection_jump_count": 0,
 "projection_reacquire_count": 0,
 "e_y_rms": 0.0199,
 "qp_failures": 0,
 "v_end": 0.313,
 "steps": 1440,
 "path_length_m": 32.344
}
=== cell cap|v_min=-0.5|stateful_windowed ===
{
 "cell": "cap|v_min=-0.5|stateful_windowed",
 "geometry": "cap",
 "v_min": -0.5,
 "controller_projection_mode": "stateful_windowed",
 "audit_mode": "accepted",
 "done_reason": "COMPLETED",
 "raw_arc_final": 32.209,
 "accepted_arc_final": 32.209,
 "progress_ratio": 0.9958,
 "skipped_arc_ratio": 0.0,
 "max_arc_jump": 0.033,
 "projection_jump_count": 0,
 "projection_reacquire_count": 0,
 "e_y_rms": 0.0199,
 "qp_failures": 0,
 "v_end": 0.313,
 "steps": 1440,
 "path_length_m": 32.344
}
=== cell cap|v_min=-0.5|global_legacy ===
{
 "cell": "cap|v_min=-0.5|global_legacy",
 "geometry": "cap",
 "v_min": -0.5,
 "controller_projection_mode": "global_legacy",
 "audit_mode": "accepted",
 "done_reason": "COMPLETED",
 "raw_arc_final": 32.209,
 "accepted_arc_final": 32.209,
 "progress_ratio": 0.9958,
 "skipped_arc_ratio": 0.0,
 "max_arc_jump": 0.033,
 "projection_jump_count": 0,
 "projection_reacquire_count": 0,
 "e_y_rms": 0.0199,
 "qp_failures": 0,
 "v_end": 0.313,
 "steps": 1440,
 "path_length_m": 32.344
}
=== cell nocap|v_min=0.0|stateful_windowed ===
{
 "cell": "nocap|v_min=0.0|stateful_windowed",
 "geometry": "nocap",
 "v_min": 0.0,
 "controller_projection_mode": "stateful_windowed",
 "audit_mode": "accepted",
 "done_reason": "STALL",
 "raw_arc_final": 4.798,
 "accepted_arc_final": 4.798,
 "progress_ratio": 0.1523,
 "skipped_arc_ratio": 0.0,
 "max_arc_jump": 0.025,
 "projection_jump_count": 0,
 "projection_reacquire_count": 0,
 "e_y_rms": 0.0042,
 "qp_failures": 91,
 "v_end": 0.0,
 "steps": 301,
 "path_length_m": 31.5
}
=== cell nocap|v_min=0.0|global_legacy ===
{
 "cell": "nocap|v_min=0.0|global_legacy",
 "geometry": "nocap",
 "v_min": 0.0,
 "controller_projection_mode": "global_legacy",
 "audit_mode": "accepted",
 "done_reason": "STALL",
 "raw_arc_final": 4.798,
 "accepted_arc_final": 4.798,
 "progress_ratio": 0.1523,
 "skipped_arc_ratio": 0.0,
 "max_arc_jump": 0.025,
 "projection_jump_count": 0,
 "projection_reacquire_count": 0,
 "e_y_rms": 0.0042,
 "qp_failures": 91,
 "v_end": 0.0,
 "steps": 301,
 "path_length_m": 31.5
}
=== cell nocap|v_min=-0.5|stateful_windowed ===
{
 "cell": "nocap|v_min=-0.5|stateful_windowed",
 "geometry": "nocap",
 "v_min": -0.5,
 "controller_projection_mode": "stateful_windowed",
 "audit_mode": "accepted",
 "done_reason": "COMPLETED",
 "raw_arc_final": 31.359,
 "accepted_arc_final": 31.359,
 "progress_ratio": 0.961,
 "skipped_arc_ratio": 0.0345,
 "max_arc_jump": 0.118,
 "projection_jump_count": 10,
 "projection_reacquire_count": 10,
 "e_y_rms": 0.0128,
 "qp_failures": 0,
 "v_end": 0.319,
 "steps": 1582,
 "path_length_m": 31.5
}
=== cell nocap|v_min=-0.5|global_legacy ===
{
 "cell": "nocap|v_min=-0.5|global_legacy",
 "geometry": "nocap",
 "v_min": -0.5,
 "controller_projection_mode": "global_legacy",
 "audit_mode": "accepted",
 "done_reason": "COMPLETED",
 "raw_arc_final": 31.365,
 "accepted_arc_final": 31.365,
 "progress_ratio": 0.9543,
 "skipped_arc_ratio": 0.0414,
 "max_arc_jump": 0.163,
 "projection_jump_count": 10,
 "projection_reacquire_count": 0,
 "e_y_rms": 0.0158,
 "qp_failures": 0,
 "v_end": 0.313,
 "steps": 1411,
 "path_length_m": 31.5
}
=== cell backward|v_min=0.0|stateful_windowed ===
{
 "cell": "backward|v_min=0.0|stateful_windowed",
 "geometry": "backward",
 "v_min": 0.0,
 "controller_projection_mode": "stateful_windowed",
 "audit_mode": "accepted",
 "done_reason": "COMPLETED",
 "raw_arc_final": 32.209,
 "accepted_arc_final": 32.209,
 "progress_ratio": 0.9958,
 "skipped_arc_ratio": 0.0,
 "max_arc_jump": 0.033,
 "projection_jump_count": 0,
 "projection_reacquire_count": 0,
 "e_y_rms": 0.0199,
 "qp_failures": 0,
 "v_end": 0.313,
 "steps": 1440,
 "path_length_m": 32.344
}
=== cell backward|v_min=0.0|global_legacy ===
{
 "cell": "backward|v_min=0.0|global_legacy",
 "geometry": "backward",
 "v_min": 0.0,
 "controller_projection_mode": "global_legacy",
 "audit_mode": "accepted",
 "done_reason": "COMPLETED",
 "raw_arc_final": 32.209,
 "accepted_arc_final": 32.209,
 "progress_ratio": 0.9958,
 "skipped_arc_ratio": 0.0,
 "max_arc_jump": 0.033,
 "projection_jump_count": 0,
 "projection_reacquire_count": 0,
 "e_y_rms": 0.0199,
 "qp_failures": 0,
 "v_end": 0.313,
 "steps": 1440,
 "path_length_m": 32.344
}
=== cell backward|v_min=-0.5|stateful_windowed ===
{
 "cell": "backward|v_min=-0.5|stateful_windowed",
 "geometry": "backward",
 "v_min": -0.5,
 "controller_projection_mode": "stateful_windowed",
 "audit_mode": "accepted",
 "done_reason": "COMPLETED",
 "raw_arc_final": 32.209,
 "accepted_arc_final": 32.209,
 "progress_ratio": 0.9958,
 "skipped_arc_ratio": 0.0,
 "max_arc_jump": 0.033,
 "projection_jump_count": 0,
 "projection_reacquire_count": 0,
 "e_y_rms": 0.0199,
 "qp_failures": 0,
 "v_end": 0.313,
 "steps": 1440,
 "path_length_m": 32.344
}
=== cell backward|v_min=-0.5|global_legacy ===
{
 "cell": "backward|v_min=-0.5|global_legacy",
 "geometry": "backward",
 "v_min": -0.5,
 "controller_projection_mode": "global_legacy",
 "audit_mode": "accepted",
 "done_reason": "COMPLETED",
 "raw_arc_final": 32.209,
 "accepted_arc_final": 32.209,
 "progress_ratio": 0.9958,
 "skipped_arc_ratio": 0.0,
 "max_arc_jump": 0.033,
 "projection_jump_count": 0,
 "projection_reacquire_count": 0,
 "e_y_rms": 0.0199,
 "qp_failures": 0,
 "v_end": 0.313,
 "steps": 1440,
 "path_length_m": 32.344
}
=== replication cap|REPL|global_legacy|raw-audit ===
{
 "cell": "cap|REPL|global_legacy|raw-audit",
 "geometry": "cap",
 "v_min": 0.0,
 "controller_projection_mode": "global_legacy",
 "audit_mode": "raw",
 "done_reason": "COMPLETED",
 "raw_arc_final": 32.209,
 "accepted_arc_final": 32.209,
 "progress_ratio": 0.0,
 "skipped_arc_ratio": 0.0,
 "max_arc_jump": 0.033,
 "projection_jump_count": 0,
 "projection_reacquire_count": 0,
 "e_y_rms": 0.0199,
 "qp_failures": 0,
 "v_end": 0.313,
 "steps": 1440,
 "path_length_m": 32.344
}
=== replication nocap|REPL|global_legacy|raw-audit ===
{
 "cell": "nocap|REPL|global_legacy|raw-audit",
 "geometry": "nocap",
 "v_min": 0.0,
 "controller_projection_mode": "global_legacy",
 "audit_mode": "raw",
 "done_reason": "STALL",
 "raw_arc_final": 4.798,
 "accepted_arc_final": 4.798,
 "progress_ratio": 0.0,
 "skipped_arc_ratio": 0.0,
 "max_arc_jump": 0.025,
 "projection_jump_count": 0,
 "projection_reacquire_count": 0,
 "e_y_rms": 0.0042,
 "qp_failures": 91,
 "v_end": 0.0,
 "steps": 301,
 "path_length_m": 31.5
}
=== replication backward|REPL|global_legacy|raw-audit ===
{
 "cell": "backward|REPL|global_legacy|raw-audit",
 "geometry": "backward",
 "v_min": 0.0,
 "controller_projection_mode": "global_legacy",
 "audit_mode": "raw",
 "done_reason": "COMPLETED",
 "raw_arc_final": 32.209,
 "accepted_arc_final": 32.209,
 "progress_ratio": 0.0,
 "skipped_arc_ratio": 0.0,
 "max_arc_jump": 0.033,
 "projection_jump_count": 0,
 "projection_reacquire_count": 0,
 "e_y_rms": 0.0199,
 "qp_failures": 0,
 "v_end": 0.313,
 "steps": 1440,
 "path_length_m": 32.344
}
matrix written: results/a8_replay/postseal2_matrix/matrix.json
