[ 41%] Built target linear_mpc_core
[ 58%] Built target velocity_arbiter_node
[ 75%] Built target test_linear_mpc_core
[100%] Built target linear_mpc_node
-- Install configuration: ""
-- Execute custom install script
-- Up-to-date symlink: /home/zhouyi/install_lmpc/linear_mpc_controller/lib/linear_mpc_controller/linear_mpc_node
-- Up-to-date symlink: /home/zhouyi/install_lmpc/linear_mpc_controller/lib/linear_mpc_controller/velocity_arbiter_node
-- Symlinking: /home/zhouyi/install_lmpc/linear_mpc_controller/share/linear_mpc_controller/launch/__pycache__/linear_mpc_sim.launch.cpython-312.pyc
-- Up-to-date symlink: /home/zhouyi/install_lmpc/linear_mpc_controller/share/linear_mpc_controller/launch/linear_mpc_sim.launch.py
-- Up-to-date symlink: /home/zhouyi/install_lmpc/linear_mpc_controller/share/linear_mpc_controller/config/linear_mpc_params.yaml
-- Up-to-date symlink: /home/zhouyi/install_lmpc/linear_mpc_controller/share/linear_mpc_controller/config/velocity_arbiter.yaml
-- Up-to-date symlink: /home/zhouyi/install_lmpc/linear_mpc_controller/share/linear_mpc_controller/worlds/tracking_empty.sdf
-- Up-to-date symlink: /home/zhouyi/install_lmpc/linear_mpc_controller/share/linear_mpc_controller/maps/README.md
-- Up-to-date symlink: /home/zhouyi/install_lmpc/linear_mpc_controller/share/ament_index/resource_index/package_run_dependencies/linear_mpc_controller
-- Up-to-date symlink: /home/zhouyi/install_lmpc/linear_mpc_controller/share/ament_index/resource_index/parent_prefix_path/linear_mpc_controller
-- Up-to-date symlink: /home/zhouyi/install_lmpc/linear_mpc_controller/share/linear_mpc_controller/environment/ament_prefix_path.sh
-- Up-to-date symlink: /home/zhouyi/install_lmpc/linear_mpc_controller/share/linear_mpc_controller/environment/ament_prefix_path.dsv
-- Up-to-date symlink: /home/zhouyi/install_lmpc/linear_mpc_controller/share/linear_mpc_controller/environment/path.sh
-- Up-to-date symlink: /home/zhouyi/install_lmpc/linear_mpc_controller/share/linear_mpc_controller/environment/path.dsv
-- Up-to-date symlink: /home/zhouyi/install_lmpc/linear_mpc_controller/share/linear_mpc_controller/local_setup.bash
-- Up-to-date symlink: /home/zhouyi/install_lmpc/linear_mpc_controller/share/linear_mpc_controller/local_setup.sh
-- Up-to-date symlink: /home/zhouyi/install_lmpc/linear_mpc_controller/share/linear_mpc_controller/local_setup.zsh
-- Up-to-date symlink: /home/zhouyi/install_lmpc/linear_mpc_controller/share/linear_mpc_controller/local_setup.dsv
-- Symlinking: /home/zhouyi/install_lmpc/linear_mpc_controller/share/linear_mpc_controller/package.dsv
-- Up-to-date symlink: /home/zhouyi/install_lmpc/linear_mpc_controller/share/ament_index/resource_index/packages/linear_mpc_controller
-- Up-to-date symlink: /home/zhouyi/install_lmpc/linear_mpc_controller/share/linear_mpc_controller/cmake/linear_mpc_controllerConfig.cmake
-- Up-to-date symlink: /home/zhouyi/install_lmpc/linear_mpc_controller/share/linear_mpc_controller/cmake/linear_mpc_controllerConfig-version.cmake
-- Up-to-date symlink: /home/zhouyi/install_lmpc/linear_mpc_controller/share/linear_mpc_controller/package.xml
