[0.372s] DEBUG:colcon:Command line arguments: ['/usr/bin/colcon', 'build', '--packages-select', 'linear_mpc_controller', '--symlink-install', '--build-base', '/home/zhouyi/build_lmpc', '--install-base', '/home/zhouyi/install_lmpc']
[0.372s] DEBUG:colcon:Parsed command line arguments: Namespace(log_base=None, log_level=None, verb_name='build', build_base='/home/zhouyi/build_lmpc', install_base='/home/zhouyi/install_lmpc', merge_install=False, symlink_install=True, test_result_base=None, continue_on_error=False, executor='parallel', parallel_workers=20, event_handlers=None, ignore_user_meta=False, metas=['./colcon.meta'], base_paths=['.'], packages_ignore=None, packages_ignore_regex=None, paths=None, packages_up_to=None, packages_up_to_regex=None, packages_above=None, packages_above_and_dependencies=None, packages_above_depth=None, packages_select_by_dep=None, packages_skip_by_dep=None, packages_skip_up_to=None, packages_select_build_failed=False, packages_skip_build_finished=False, packages_select_test_failures=False, packages_skip_test_passed=False, packages_select=['linear_mpc_controller'], packages_skip=None, packages_select_regex=None, packages_skip_regex=None, packages_start=None, packages_end=None, allow_overriding=[], cmake_args=None, cmake_target=None, cmake_target_skip_unavailable=False, cmake_clean_cache=False, cmake_clean_first=False, cmake_force_configure=False, ament_cmake_args=None, catkin_cmake_args=None, catkin_skip_building_tests=False, verb_parser=<colcon_defaults.argument_parser.defaults.DefaultArgumentsDecorator object at 0x751abf063290>, verb_extension=<colcon_core.verb.build.BuildVerb object at 0x751abf062810>, main=<bound method BuildVerb.main of <colcon_core.verb.build.BuildVerb object at 0x751abf062810>>)
[0.425s] Level 1:colcon.colcon_core.package_discovery:discover_packages(colcon_meta) check parameters
[0.426s] Level 1:colcon.colcon_core.package_discovery:discover_packages(recursive) check parameters
[0.426s] Level 1:colcon.colcon_core.package_discovery:discover_packages(ignore) check parameters
[0.426s] Level 1:colcon.colcon_core.package_discovery:discover_packages(path) check parameters
[0.426s] Level 1:colcon.colcon_core.package_discovery:discover_packages(colcon_meta) discover
[0.426s] Level 1:colcon.colcon_core.package_discovery:discover_packages(recursive) discover
[0.426s] INFO:colcon.colcon_core.package_discovery:Crawling recursively for packages in '/home/zhouyi/ros2_ws/src/linear_mpc_controller'
[0.426s] Level 1:colcon.colcon_core.package_identification:_identify(.) by extensions ['ignore', 'ignore_ament_install']
[0.426s] Level 1:colcon.colcon_core.package_identification:_identify(.) by extension 'ignore'
[0.426s] Level 1:colcon.colcon_core.package_identification:_identify(.) by extension 'ignore_ament_install'
[0.426s] Level 1:colcon.colcon_core.package_identification:_identify(.) by extensions ['colcon_pkg']
[0.426s] Level 1:colcon.colcon_core.package_identification:_identify(.) by extension 'colcon_pkg'
[0.426s] Level 1:colcon.colcon_core.package_identification:_identify(.) by extensions ['colcon_meta']
[0.426s] Level 1:colcon.colcon_core.package_identification:_identify(.) by extension 'colcon_meta'
[0.426s] Level 1:colcon.colcon_core.package_identification:_identify(.) by extensions ['ros']
[0.426s] Level 1:colcon.colcon_core.package_identification:_identify(.) by extension 'ros'
[0.492s] DEBUG:colcon.colcon_core.package_identification:Package '.' with type 'ros.ament_cmake' and name 'linear_mpc_controller'
[0.492s] Level 1:colcon.colcon_core.package_discovery:discover_packages(recursive) using defaults
[0.492s] Level 1:colcon.colcon_core.package_discovery:discover_packages(ignore) discover
[0.492s] Level 1:colcon.colcon_core.package_discovery:discover_packages(ignore) using defaults
[0.492s] Level 1:colcon.colcon_core.package_discovery:discover_packages(path) discover
[0.492s] Level 1:colcon.colcon_core.package_discovery:discover_packages(path) using defaults
[0.519s] Level 1:colcon.colcon_core.package_discovery:discover_packages(prefix_path) check parameters
[0.519s] Level 1:colcon.colcon_core.package_discovery:discover_packages(prefix_path) discover
[0.524s] DEBUG:colcon.colcon_installed_package_information.package_discovery:Found 400 installed packages in /opt/ros/jazzy
[0.525s] Level 1:colcon.colcon_core.package_discovery:discover_packages(prefix_path) using defaults
[0.584s] Level 5:colcon.colcon_core.verb:set package 'linear_mpc_controller' build argument 'cmake_args' from command line to 'None'
[0.584s] Level 5:colcon.colcon_core.verb:set package 'linear_mpc_controller' build argument 'cmake_target' from command line to 'None'
[0.584s] Level 5:colcon.colcon_core.verb:set package 'linear_mpc_controller' build argument 'cmake_target_skip_unavailable' from command line to 'False'
[0.584s] Level 5:colcon.colcon_core.verb:set package 'linear_mpc_controller' build argument 'cmake_clean_cache' from command line to 'False'
[0.584s] Level 5:colcon.colcon_core.verb:set package 'linear_mpc_controller' build argument 'cmake_clean_first' from command line to 'False'
[0.584s] Level 5:colcon.colcon_core.verb:set package 'linear_mpc_controller' build argument 'cmake_force_configure' from command line to 'False'
[0.584s] Level 5:colcon.colcon_core.verb:set package 'linear_mpc_controller' build argument 'ament_cmake_args' from command line to 'None'
[0.584s] Level 5:colcon.colcon_core.verb:set package 'linear_mpc_controller' build argument 'catkin_cmake_args' from command line to 'None'
[0.584s] Level 5:colcon.colcon_core.verb:set package 'linear_mpc_controller' build argument 'catkin_skip_building_tests' from command line to 'False'
[0.584s] DEBUG:colcon.colcon_core.verb:Building package 'linear_mpc_controller' with the following arguments: {'ament_cmake_args': None, 'build_base': '/home/zhouyi/build_lmpc/linear_mpc_controller', 'catkin_cmake_args': None, 'catkin_skip_building_tests': False, 'cmake_args': None, 'cmake_clean_cache': False, 'cmake_clean_first': False, 'cmake_force_configure': False, 'cmake_target': None, 'cmake_target_skip_unavailable': False, 'install_base': '/home/zhouyi/install_lmpc/linear_mpc_controller', 'merge_install': False, 'path': '/home/zhouyi/ros2_ws/src/linear_mpc_controller', 'symlink_install': True, 'test_result_base': None}
[0.584s] INFO:colcon.colcon_core.executor:Executing jobs using 'parallel' executor
[0.586s] DEBUG:colcon.colcon_parallel_executor.executor.parallel:run_until_complete
[0.586s] INFO:colcon.colcon_ros.task.ament_cmake.build:Building ROS package in '/home/zhouyi/ros2_ws/src/linear_mpc_controller' with build type 'ament_cmake'
[0.586s] INFO:colcon.colcon_cmake.task.cmake.build:Building CMake package in '/home/zhouyi/ros2_ws/src/linear_mpc_controller'
[0.589s] INFO:colcon.colcon_core.plugin_system:Skipping extension 'colcon_core.shell.bat': Not used on non-Windows systems
[0.589s] INFO:colcon.colcon_core.shell:Skip shell extension 'powershell' for command environment: Not usable outside of PowerShell
[0.589s] DEBUG:colcon.colcon_core.shell:Skip shell extension 'dsv' for command environment
[0.600s] DEBUG:colcon.colcon_core.event_handler.log_command:Invoking command in '/home/zhouyi/build_lmpc/linear_mpc_controller': CMAKE_PREFIX_PATH=${CMAKE_PREFIX_PATH}:/opt/ros/jazzy /usr/bin/cmake --build /home/zhouyi/build_lmpc/linear_mpc_controller -- -j20 -l20
[0.724s] DEBUG:colcon.colcon_core.event_handler.log_command:Invoked command in '/home/zhouyi/build_lmpc/linear_mpc_controller' returned '0': CMAKE_PREFIX_PATH=${CMAKE_PREFIX_PATH}:/opt/ros/jazzy /usr/bin/cmake --build /home/zhouyi/build_lmpc/linear_mpc_controller -- -j20 -l20
[0.734s] DEBUG:colcon.colcon_core.event_handler.log_command:Invoking command in '/home/zhouyi/build_lmpc/linear_mpc_controller': CMAKE_PREFIX_PATH=${CMAKE_PREFIX_PATH}:/opt/ros/jazzy /usr/bin/cmake --install /home/zhouyi/build_lmpc/linear_mpc_controller
[0.770s] Level 1:colcon.colcon_core.environment:create_environment_scripts_only(linear_mpc_controller)
[0.771s] DEBUG:colcon.colcon_core.event_handler.log_command:Invoked command in '/home/zhouyi/build_lmpc/linear_mpc_controller' returned '0': CMAKE_PREFIX_PATH=${CMAKE_PREFIX_PATH}:/opt/ros/jazzy /usr/bin/cmake --install /home/zhouyi/build_lmpc/linear_mpc_controller
[0.773s] Level 1:colcon.colcon_core.environment:checking '/home/zhouyi/install_lmpc/linear_mpc_controller' for CMake module files
[0.773s] Level 1:colcon.colcon_core.environment:checking '/home/zhouyi/install_lmpc/linear_mpc_controller' for CMake config files
[0.774s] Level 1:colcon.colcon_core.shell:create_environment_hook('linear_mpc_controller', 'cmake_prefix_path')
[0.774s] INFO:colcon.colcon_core.shell:Creating environment hook '/home/zhouyi/install_lmpc/linear_mpc_controller/share/linear_mpc_controller/hook/cmake_prefix_path.ps1'
[0.775s] INFO:colcon.colcon_core.shell:Creating environment descriptor '/home/zhouyi/install_lmpc/linear_mpc_controller/share/linear_mpc_controller/hook/cmake_prefix_path.dsv'
[0.775s] INFO:colcon.colcon_core.shell:Creating environment hook '/home/zhouyi/install_lmpc/linear_mpc_controller/share/linear_mpc_controller/hook/cmake_prefix_path.sh'
[0.776s] Level 1:colcon.colcon_core.environment:checking '/home/zhouyi/install_lmpc/linear_mpc_controller/lib'
[0.776s] Level 1:colcon.colcon_core.environment:checking '/home/zhouyi/install_lmpc/linear_mpc_controller/bin'
[0.776s] Level 1:colcon.colcon_core.environment:checking '/home/zhouyi/install_lmpc/linear_mpc_controller/lib/pkgconfig/linear_mpc_controller.pc'
[0.777s] Level 1:colcon.colcon_core.environment:checking '/home/zhouyi/install_lmpc/linear_mpc_controller/lib/python3.12/site-packages'
[0.777s] Level 1:colcon.colcon_core.environment:checking '/home/zhouyi/install_lmpc/linear_mpc_controller/bin'
[0.777s] INFO:colcon.colcon_core.shell:Creating package script '/home/zhouyi/install_lmpc/linear_mpc_controller/share/linear_mpc_controller/package.ps1'
[0.778s] INFO:colcon.colcon_core.shell:Creating package descriptor '/home/zhouyi/install_lmpc/linear_mpc_controller/share/linear_mpc_controller/package.dsv'
[0.779s] INFO:colcon.colcon_core.shell:Creating package script '/home/zhouyi/install_lmpc/linear_mpc_controller/share/linear_mpc_controller/package.sh'
[0.779s] INFO:colcon.colcon_core.shell:Creating package script '/home/zhouyi/install_lmpc/linear_mpc_controller/share/linear_mpc_controller/package.bash'
[0.780s] INFO:colcon.colcon_core.shell:Creating package script '/home/zhouyi/install_lmpc/linear_mpc_controller/share/linear_mpc_controller/package.zsh'
[0.780s] Level 1:colcon.colcon_core.environment:create_file_with_runtime_dependencies(/home/zhouyi/install_lmpc/linear_mpc_controller/share/colcon-core/packages/linear_mpc_controller)
[0.781s] Level 1:colcon.colcon_core.environment:create_environment_scripts_only(linear_mpc_controller)
[0.781s] Level 1:colcon.colcon_core.environment:checking '/home/zhouyi/install_lmpc/linear_mpc_controller' for CMake module files
[0.782s] Level 1:colcon.colcon_core.environment:checking '/home/zhouyi/install_lmpc/linear_mpc_controller' for CMake config files
[0.782s] Level 1:colcon.colcon_core.shell:create_environment_hook('linear_mpc_controller', 'cmake_prefix_path')
[0.782s] INFO:colcon.colcon_core.shell:Creating environment hook '/home/zhouyi/install_lmpc/linear_mpc_controller/share/linear_mpc_controller/hook/cmake_prefix_path.ps1'
[0.783s] INFO:colcon.colcon_core.shell:Creating environment descriptor '/home/zhouyi/install_lmpc/linear_mpc_controller/share/linear_mpc_controller/hook/cmake_prefix_path.dsv'
[0.783s] INFO:colcon.colcon_core.shell:Creating environment hook '/home/zhouyi/install_lmpc/linear_mpc_controller/share/linear_mpc_controller/hook/cmake_prefix_path.sh'
[0.783s] Level 1:colcon.colcon_core.environment:checking '/home/zhouyi/install_lmpc/linear_mpc_controller/lib'
[0.783s] Level 1:colcon.colcon_core.environment:checking '/home/zhouyi/install_lmpc/linear_mpc_controller/bin'
[0.783s] Level 1:colcon.colcon_core.environment:checking '/home/zhouyi/install_lmpc/linear_mpc_controller/lib/pkgconfig/linear_mpc_controller.pc'
[0.784s] Level 1:colcon.colcon_core.environment:checking '/home/zhouyi/install_lmpc/linear_mpc_controller/lib/python3.12/site-packages'
[0.784s] Level 1:colcon.colcon_core.environment:checking '/home/zhouyi/install_lmpc/linear_mpc_controller/bin'
[0.784s] INFO:colcon.colcon_core.shell:Creating package script '/home/zhouyi/install_lmpc/linear_mpc_controller/share/linear_mpc_controller/package.ps1'
[0.785s] INFO:colcon.colcon_core.shell:Creating package descriptor '/home/zhouyi/install_lmpc/linear_mpc_controller/share/linear_mpc_controller/package.dsv'
[0.785s] INFO:colcon.colcon_core.shell:Creating package script '/home/zhouyi/install_lmpc/linear_mpc_controller/share/linear_mpc_controller/package.sh'
[0.785s] INFO:colcon.colcon_core.shell:Creating package script '/home/zhouyi/install_lmpc/linear_mpc_controller/share/linear_mpc_controller/package.bash'
[0.786s] INFO:colcon.colcon_core.shell:Creating package script '/home/zhouyi/install_lmpc/linear_mpc_controller/share/linear_mpc_controller/package.zsh'
[0.786s] Level 1:colcon.colcon_core.environment:create_file_with_runtime_dependencies(/home/zhouyi/install_lmpc/linear_mpc_controller/share/colcon-core/packages/linear_mpc_controller)
[0.787s] DEBUG:colcon.colcon_parallel_executor.executor.parallel:closing loop
[0.787s] DEBUG:colcon.colcon_parallel_executor.executor.parallel:loop closed
[0.787s] DEBUG:colcon.colcon_parallel_executor.executor.parallel:run_until_complete finished with '0'
[0.787s] DEBUG:colcon.colcon_core.event_reactor:joining thread
[0.897s] INFO:colcon.colcon_core.plugin_system:Skipping extension 'colcon_notification.desktop_notification.notify_send': Could not find 'notify-send'
[0.897s] INFO:colcon.colcon_core.plugin_system:Skipping extension 'colcon_notification.desktop_notification.terminal_notifier': Not used on non-Darwin systems
[0.897s] INFO:colcon.colcon_core.plugin_system:Skipping extension 'colcon_notification.desktop_notification.win32': Not used on non-Windows systems
[0.897s] INFO:colcon.colcon_notification.desktop_notification:Sending desktop notification using 'notify2'
[0.902s] DEBUG:colcon.colcon_notification.desktop_notification.notify2:Failed to initialize notify2: org.freedesktop.DBus.Error.ServiceUnknown: The name org.freedesktop.Notifications was not provided by any .service files
[0.902s] DEBUG:colcon.colcon_core.event_reactor:joined thread
[0.902s] INFO:colcon.colcon_core.shell:Creating prefix script '/home/zhouyi/install_lmpc/local_setup.ps1'
[0.904s] INFO:colcon.colcon_core.shell:Creating prefix util module '/home/zhouyi/install_lmpc/_local_setup_util_ps1.py'
[0.905s] INFO:colcon.colcon_core.shell:Creating prefix chain script '/home/zhouyi/install_lmpc/setup.ps1'
[0.906s] INFO:colcon.colcon_core.shell:Creating prefix script '/home/zhouyi/install_lmpc/local_setup.sh'
[0.907s] INFO:colcon.colcon_core.shell:Creating prefix util module '/home/zhouyi/install_lmpc/_local_setup_util_sh.py'
[0.907s] INFO:colcon.colcon_core.shell:Creating prefix chain script '/home/zhouyi/install_lmpc/setup.sh'
[0.908s] INFO:colcon.colcon_core.shell:Creating prefix script '/home/zhouyi/install_lmpc/local_setup.bash'
[0.909s] INFO:colcon.colcon_core.shell:Creating prefix chain script '/home/zhouyi/install_lmpc/setup.bash'
[0.909s] INFO:colcon.colcon_core.shell:Creating prefix script '/home/zhouyi/install_lmpc/local_setup.zsh'
[0.910s] INFO:colcon.colcon_core.shell:Creating prefix chain script '/home/zhouyi/install_lmpc/setup.zsh'
